    2  00  30  01  mvi a,1
    3  02  18  14  stor a,ONE
    4  04  40      in 0        ;Y
    5  05  20      push a        ;(3)
    6  06  41      in 1        ;X
    7  07  20      push a        ;(2)
    8  08  42      in 2        ;N
    9  09  20      push a        ;(1)
   10  0a  c0  16  call POWER;
   11  0c  14  85  load a,5(sp)
   12  0e  4d      out 5
   13  0f  f8      stop 
   15  10  00      Y: .ds 1
   16  11  00      X: .ds 1
   17  12  00      N: .ds 1
   18  13  00      zp: .ds 1 
   19  14  00      ONE: .ds 1
   20  15  00      P: .ds 1
   21  16  20      POWER:push a
   22  17  15  84  load b,4(sp)
   23  19  14  85  load a,5(sp)
   24  1b  80      mur a,a;
   25  1c  38      xchg;
   26  1d  1c  84  stor a,4(sp)
   27  1f  31  01  mvi b,1
   28  21  14  83  load a,3(sp)
   29  23  20      CYCL: push a
   30  24  8c  85  mum a,5(sp)
   31  26  28      pop a
   32  27  e0  23  loop a,CYCL
   33  29  19  10  stor b,Y
   34  2b  14  83  load a,3(sp)
   35  2d  31  01  mvi b,1
   36  2f  20      CYCLA:push a
   37  30  8c  86  mum a,6(sp)
   38  32  28      pop a
   39  33  e0  2f  loop a,CYCLA
   40  35  10  10  load a,Y
   41  37  69      sbr a,b
   42  38  58  14  adm a,ONE
   43  3a  0a      mov b,a
   44  3b  1d  81  stor b,1(sp)
   45  3d  21      push b;
   46  3e  29      pop b;
   47  3f  c8      ret;

    ***** Таблица перекрестных ссылок *****
  имя     определение     ссылки

 ZP       13                                                                   
 Y        10              36  2a                                               
 X        11                                                                   
 POWER    16              b                                                    
 P        15                                                                   
 ONE      14              39  3                                                
 N        12                                                                   
 CYCLA    2f              34                                                   
 CYCL     23              28                                                   

  **** Не обнаружено ошибок. Успешное завершение ****

